// Jest Snapshot v1, https://goo.gl/fbAQLP

exports[`TestToken properties + issue + balanceOf + totalSupply + transfer: deploy consumed 1`] = `"0"`;

exports[`TestToken properties + issue + balanceOf + totalSupply + transfer: deploy cost 1`] = `"7.955"`;

exports[`TestToken properties + issue + balanceOf + totalSupply + transfer: transfer consume 1`] = `"0"`;

exports[`TestToken properties + issue + balanceOf + totalSupply + transfer: transfer cost 1`] = `"5.652"`;
