// Jest Snapshot v1, https://goo.gl/fbAQLP

exports[`Transaction Model Serialize Base - Unsigned 1`] = `"00000000003775292229eccdf904f16fff8e83e7cffdc0f0ce01000000000000000100000000000000a086010000000101"`;
