// Jest Snapshot v1, https://goo.gl/fbAQLP

exports[`ContractGroupModel - serializeWireBase Simple 1`] = `"0248be3c070df745a60f3b8b494efcc6caf90244d803a9a72fe95d9bae2120ec70806363616162303430636332353032316339313536376237356462343737383835333434313836393135376238663661616439363063646366313036393831323438303032376135323863613962393865323230353032376465323036393666383438636638313832346565623761663164353131303837303837306365623637"`;
