// Jest Snapshot v1, https://goo.gl/fbAQLP

exports[`ContractParameterModel - serializeWireBase Array 1`] = `"011005706172616d"`;

exports[`ContractParameterModel - serializeWireBase Boolean 1`] = `"010105706172616d"`;

exports[`ContractParameterModel - serializeWireBase ByteArray 1`] = `"010505706172616d"`;

exports[`ContractParameterModel - serializeWireBase Hash160 1`] = `"010305706172616d"`;

exports[`ContractParameterModel - serializeWireBase Hash256 1`] = `"010405706172616d"`;

exports[`ContractParameterModel - serializeWireBase Integer 1`] = `"010205706172616d"`;

exports[`ContractParameterModel - serializeWireBase InteropInterface 1`] = `"01f005706172616d"`;

exports[`ContractParameterModel - serializeWireBase Map 1`] = `"011205706172616d"`;

exports[`ContractParameterModel - serializeWireBase PublicKey 1`] = `"010605706172616d"`;

exports[`ContractParameterModel - serializeWireBase Signature 1`] = `"010005706172616d"`;

exports[`ContractParameterModel - serializeWireBase String 1`] = `"010705706172616d"`;

exports[`ContractParameterModel - serializeWireBase Void 1`] = `"01ff05706172616d"`;
