// Jest Snapshot v1, https://goo.gl/fbAQLP

exports[`ContractABIModel - serializeWireBase Multiple 1`] = `"01010101010101010101010101010101010101010866756e6374696f6e010105706172616d01ff0866756e6374696f6e010205706172616d010305706172616d01ff0866756e6374696f6e010705706172616d0102056576656e74010305706172616d010405706172616d"`;

exports[`ContractABIModel - serializeWireBase Simple 1`] = `"01010101010101010101010101010101010101010866756e6374696f6e010105706172616d01ff0866756e6374696f6e010105706172616d01ff056576656e74010105706172616d"`;
